// Jest Snapshot v1, https://goo.gl/fbAQLP

exports[`App should render properly 1`] = `
<Router history="{{...}}">
  <ThemeProvider theme="{{...}}">
    <AppWrapper logged="{false}">
      <Helmet defer="{false}"
              htmlattributes="{{...}}"
              encodespecialcharacters="{true}"
              defaulttitle="User Research  •  Product Strategy  •  Rapid Prototyping  •  Digital Design"
              titletemplate="%s | User Research  •  Product Strategy  •  Rapid Prototyping  •  Digital Design"
              titleattributes="{{...}}"
      >
      </Helmet>
      <Main isauthenticated="{false}">
        <Switch>
          <RoutePublic isauthenticated="{false}"
                       path="/"
                       exact="{true}"
                       component="{[Function:"
                       notahome]}
                       to="/private"
          >
          </RoutePublic>
          <RoutePublic isauthenticated="{false}"
                       path="/quiz"
                       exact="{true}"
                       component="{[Function:"
                       quizcontainer]}
                       to="/private"
          >
          </RoutePublic>
          <Route component="{[Function:"
                 notfound]}
          >
          </Route>
        </Switch>
      </Main>
      <_default>
      </_default>
    </AppWrapper>
  </ThemeProvider>
</Router>
`;
